[     425ms] [LOG] Running frontend commit 6d2a35c7e89cb7c20ecf3d599d13e961599635dc @ https://www.figma.com/purchase-organization?entryPoint=4:528
[     882ms] [WARNING] Statsig is not ready to log exposures, will retry in 1 seconds @ https://www.figma.com/webpack-artifacts/assets/vendor-core-1e44c283e4ec92dd.min.js.br:53
[     888ms] [ERROR] Failed to load resource: the server responded with a status of 405 (Method Not Allowed) @ https://browser-intake-datadoghq.com/api/v2/rum:0
[     974ms] [LOG] [import] git: 6d2a35c7e89cb7c20ecf3d599d13e961599635dc, stamp: 402387FE01A83334 @ https://www.figma.com/webpack-artifacts/assets/vendor-core-1e44c283e4ec92dd.min.js.br:53
[     975ms] [LOG] Loaded 114 scripts (8723409b), 114 from cache (8723409b) @ https://www.figma.com/webpack-artifacts/assets/vendor-core-1e44c283e4ec92dd.min.js.br:53
[    9614ms] [LOG] Running frontend commit 6d2a35c7e89cb7c20ecf3d599d13e961599635dc @ https://www.figma.com/files/team/1519385458721174804/recents-and-sharing:529
[    9882ms] [ERROR] Failed to load resource: the server responded with a status of 405 (Method Not Allowed) @ https://browser-intake-datadoghq.com/api/v2/rum:0
[    9882ms] [WARNING] Statsig is not ready to log exposures, will retry in 1 seconds @ https://www.figma.com/webpack-artifacts/assets/vendor-core-1e44c283e4ec92dd.min.js.br:53
[    9899ms] [LOG] Loaded 78 scripts (7526118b), 78 from cache (7526118b) @ https://www.figma.com/webpack-artifacts/assets/vendor-core-1e44c283e4ec92dd.min.js.br:53
[    9940ms] [LOG] [import] git: 6d2a35c7e89cb7c20ecf3d599d13e961599635dc, stamp: 402387FE01A83334 @ https://www.figma.com/webpack-artifacts/assets/vendor-core-1e44c283e4ec92dd.min.js.br:53
[   10242ms] [WARNING] Canvas2D: Multiple readback operations using getImageData are faster with the willReadFrequently attribute set to true. See: https://html.spec.whatwg.org/multipage/canvas.html#concept-canvas-will-read-frequently @ https://www.figma.com/webpack-artifacts/assets/1598-9fccba9c81d5934d.min.js.br:1417
[   10251ms] [WARNING] Canvas2D: Multiple readback operations using getImageData are faster with the willReadFrequently attribute set to true. See: https://html.spec.whatwg.org/multipage/canvas.html#concept-canvas-will-read-frequently @ https://www.figma.com/webpack-artifacts/assets/1598-9fccba9c81d5934d.min.js.br:1417
[   10256ms] [WARNING] Canvas2D: Multiple readback operations using getImageData are faster with the willReadFrequently attribute set to true. See: https://html.spec.whatwg.org/multipage/canvas.html#concept-canvas-will-read-frequently @ https://www.figma.com/webpack-artifacts/assets/1598-9fccba9c81d5934d.min.js.br:1417
[   10259ms] [WARNING] Canvas2D: Multiple readback operations using getImageData are faster with the willReadFrequently attribute set to true. See: https://html.spec.whatwg.org/multipage/canvas.html#concept-canvas-will-read-frequently @ https://www.figma.com/webpack-artifacts/assets/1598-9fccba9c81d5934d.min.js.br:1417
[   10264ms] [WARNING] Canvas2D: Multiple readback operations using getImageData are faster with the willReadFrequently attribute set to true. See: https://html.spec.whatwg.org/multipage/canvas.html#concept-canvas-will-read-frequently @ https://www.figma.com/webpack-artifacts/assets/1598-9fccba9c81d5934d.min.js.br:1417
[   10267ms] [WARNING] Canvas2D: Multiple readback operations using getImageData are faster with the willReadFrequently attribute set to true. See: https://html.spec.whatwg.org/multipage/canvas.html#concept-canvas-will-read-frequently @ https://www.figma.com/webpack-artifacts/assets/1598-9fccba9c81d5934d.min.js.br:1417
[   10271ms] [WARNING] Canvas2D: Multiple readback operations using getImageData are faster with the willReadFrequently attribute set to true. See: https://html.spec.whatwg.org/multipage/canvas.html#concept-canvas-will-read-frequently @ https://www.figma.com/webpack-artifacts/assets/1598-9fccba9c81d5934d.min.js.br:1417
[   10275ms] [WARNING] Canvas2D: Multiple readback operations using getImageData are faster with the willReadFrequently attribute set to true. See: https://html.spec.whatwg.org/multipage/canvas.html#concept-canvas-will-read-frequently @ https://www.figma.com/webpack-artifacts/assets/1598-9fccba9c81d5934d.min.js.br:1417
[   10278ms] [WARNING] Canvas2D: Multiple readback operations using getImageData are faster with the willReadFrequently attribute set to true. See: https://html.spec.whatwg.org/multipage/canvas.html#concept-canvas-will-read-frequently @ https://www.figma.com/webpack-artifacts/assets/1598-9fccba9c81d5934d.min.js.br:1417
[   16214ms] [INFO] [Fullscreen] Booting... (emscripten version 4.0.21) @ https://www.figma.com/webpack-artifacts/assets/vendor-core-1e44c283e4ec92dd.min.js.br:53
[   16238ms] [INFO] [GPU] graphicsAPI:"WebGPU", vendor:"Google Inc. (Apple)" renderer:"ANGLE (Apple, ANGLE Metal Renderer: Apple M5, Unspecified Version)" deviceArchitecture:"metal-3" deviceDescription:"" webGPUDevice:"" webGPUVendor:"apple" bindings:"emdawnwebgpu" @ https://www.figma.com/webpack-artifacts/assets/vendor-core-1e44c283e4ec92dd.min.js.br:53
[   16239ms] [LOG] [Fullscreen] Ready in 178.1ms @ https://www.figma.com/webpack-artifacts/assets/vendor-core-1e44c283e4ec92dd.min.js.br:53
[   16300ms] [WARNING] resetRenderers Unable to reset null renderers {} @ https://www.figma.com/webpack-artifacts/assets/vendor-core-1e44c283e4ec92dd.min.js.br:53
[   16301ms] [WARNING] resetRenderers Unable to reset null renderers {} @ https://www.figma.com/webpack-artifacts/assets/vendor-core-1e44c283e4ec92dd.min.js.br:53
[   17180ms] [INFO] [FullscreenApp] calling setEditorTheme and setting preference light @ https://www.figma.com/webpack-artifacts/assets/vendor-core-1e44c283e4ec92dd.min.js.br:53
[   17546ms] [INFO] [MultiplayerSession] connecting to wss://www.figma.com/api/multiplayer/eZ4LTG1yQcp6K2pxtKBdRv?role=editor&tracking_session_id=QGeJRElkjehFJ2TC&version=153&recentReload=0&file-load-streaming-compression&user-id=1519385456236241719&client_release=6d2a35c7e89cb7c20ecf3d599d13e961599635dc @ https://www.figma.com/webpack-artifacts/assets/vendor-core-1e44c283e4ec92dd.min.js.br:53
[   17798ms] [INFO] [MultiplayerSession] Joining file version 101 (full reconnect) @ https://www.figma.com/webpack-artifacts/assets/vendor-core-1e44c283e4ec92dd.min.js.br:53
[   17809ms] [INFO] afterJoinEnd PageSyncing: Loaded incrementally {loaded_pages: 0:1} @ https://www.figma.com/webpack-artifacts/assets/vendor-core-1e44c283e4ec92dd.min.js.br:53
[   24792ms] [WARNING] Blocked aria-hidden on an element because its descendant retained focus. The focus must not be hidden from assistive technology users. Avoid using aria-hidden on a focused element or its ancestor. Consider using the inert attribute instead, which will also prevent focus. For more details, see the aria-hidden section of the WAI-ARIA specification at https://w3c.github.io/aria/#aria-hidden.
Element with focus: <button.pointer_modal--secondaryCtaButtonDark---J5WG pointer_modal--secondaryCtaButton--CGGS2>
Ancestor with aria-hidden: <button.pointer_modal--secondaryCtaButtonDark---J5WG pointer_modal--secondaryCtaButton--CGGS2> @ https://www.figma.com/design/eZ4LTG1yQcp6K2pxtKBdRv/Untitled?t=ttJnLFQq3fG8kALV-0:0
