[    5017ms] [WARNING]   WARN  [Statsig] Attempting to retrieve a StatsigClient but none was set. @ https://www.figma.com/_netlify/_next/static/chunks/3914-a438ad927fe16080.js:4
[    5604ms] [LOG] Running frontend commit 6d2a35c7e89cb7c20ecf3d599d13e961599635dc @ https://www.figma.com/login_iframe?locale=en-us&type=insert&autofocus=false&form_state=sign_in:454
[    6138ms] [ERROR] Failed to load resource: the server responded with a status of 401 () @ https://www.figma.com/api/statsig/v1_ruleset:0
[    6138ms] [ERROR] Failed to fetch v1 ruleset: R: XHR for "/api/statsig/v1_ruleset" failed with status 401
    at P (https://www.figma.com/webpack-artifacts/assets/167-63f3bd98430f75bd.min.js.br:29:12183)
    at async Object.C [as get] (https://www.figma.com/webpack-artifacts/assets/167-63f3bd98430f75bd.min.js.br:29:12566)
    at async https://www.figma.com/webpack-artifacts/assets/167-63f3bd98430f75bd.min.js.br:7:113939
    at async g.validate (https://www.figma.com/webpack-artifacts/assets/167-63f3bd98430f75bd.min.js.br:9:6684)
    at async T (https://www.figma.com/webpack-artifacts/assets/167-63f3bd98430f75bd.min.js.br:7:346043)
    at async E (https://www.figma.com/webpack-artifacts/assets/167-63f3bd98430f75bd.min.js.br:7:345247)
    at async Object.write (https://www.figma.com/webpack-artifacts/assets/167-63f3bd98430f75bd.min.js.br:7:344866) @ https://www.figma.com/webpack-artifacts/assets/167-63f3bd98430f75bd.min.js.br:6
[    6886ms] [WARNING] [GSI_LOGGER]: Your client application uses one of the Google One Tap prompt UI status methods that may stop functioning when FedCM becomes mandatory. Refer to the migration guide to update your code accordingly and opt-in to FedCM to test your changes. Learn more: https://developers.google.com/identity/gsi/web/guides/fedcm-migration?s=dc#display_moment and https://developers.google.com/identity/gsi/web/guides/fedcm-migration?s=dc#skipped_moment @ https://www.figma.com/_netlify/_next/static/chunks/3914-a438ad927fe16080.js:4
[    6888ms] [ERROR] Not signed in with the identity provider. @ https://www.figma.com/:0
[    8086ms] [ERROR] [GSI_LOGGER]: FedCM get() rejects with NetworkError: Error retrieving a token. @ https://www.figma.com/_netlify/_next/static/chunks/3914-a438ad927fe16080.js:4
[    8319ms] [ERROR] Cross-Origin-Opener-Policy policy would block the window.closed call. @ https://www.figma.com/webpack-artifacts/assets/167-63f3bd98430f75bd.min.js.br:6
[    8320ms] [ERROR] Cross-Origin-Opener-Policy policy would block the window.closed call. @ https://www.figma.com/webpack-artifacts/assets/167-63f3bd98430f75bd.min.js.br:6
[   16306ms] [ERROR] Cross-Origin-Opener-Policy policy would block the window.closed call. @ https://www.figma.com/webpack-artifacts/assets/167-63f3bd98430f75bd.min.js.br:6
[   16306ms] [ERROR] Cross-Origin-Opener-Policy policy would block the window.closed call. @ https://www.figma.com/webpack-artifacts/assets/167-63f3bd98430f75bd.min.js.br:6
[   27205ms] [ERROR] Cross-Origin-Opener-Policy policy would block the window.closed call. @ https://www.figma.com/webpack-artifacts/assets/167-63f3bd98430f75bd.min.js.br:6
[   27205ms] [ERROR] Cross-Origin-Opener-Policy policy would block the window.closed call. @ https://www.figma.com/webpack-artifacts/assets/167-63f3bd98430f75bd.min.js.br:6
[   34955ms] [ERROR] Cross-Origin-Opener-Policy policy would block the window.closed call. @ https://www.figma.com/webpack-artifacts/assets/167-63f3bd98430f75bd.min.js.br:6
[   34955ms] [ERROR] Cross-Origin-Opener-Policy policy would block the window.closed call. @ https://www.figma.com/webpack-artifacts/assets/167-63f3bd98430f75bd.min.js.br:6
[   86965ms] [ERROR] Cross-Origin-Opener-Policy policy would block the window.closed call. @ https://www.figma.com/webpack-artifacts/assets/167-63f3bd98430f75bd.min.js.br:6
[   86965ms] [ERROR] Cross-Origin-Opener-Policy policy would block the window.closed call. @ https://www.figma.com/webpack-artifacts/assets/167-63f3bd98430f75bd.min.js.br:6
[   89502ms] [LOG] Running frontend commit 6d2a35c7e89cb7c20ecf3d599d13e961599635dc @ https://www.figma.com/files/team/1519385458721174804/recents-and-sharing?fuid=1519385456236241719:529
[   90230ms] [WARNING] Statsig is not ready to log exposures, will retry in 1 seconds @ https://www.figma.com/webpack-artifacts/assets/vendor-core-1e44c283e4ec92dd.min.js.br:53
[   90231ms] [ERROR] Failed to load resource: the server responded with a status of 405 (Method Not Allowed) @ https://browser-intake-datadoghq.com/api/v2/rum:0
[   90417ms] [LOG] [import] git: 6d2a35c7e89cb7c20ecf3d599d13e961599635dc, stamp: 402387FE01A83334 @ https://www.figma.com/webpack-artifacts/assets/vendor-core-1e44c283e4ec92dd.min.js.br:53
[   90756ms] [WARNING] Canvas2D: Multiple readback operations using getImageData are faster with the willReadFrequently attribute set to true. See: https://html.spec.whatwg.org/multipage/canvas.html#concept-canvas-will-read-frequently @ https://www.figma.com/webpack-artifacts/assets/1598-9fccba9c81d5934d.min.js.br:1417
[   91002ms] [WARNING] Canvas2D: Multiple readback operations using getImageData are faster with the willReadFrequently attribute set to true. See: https://html.spec.whatwg.org/multipage/canvas.html#concept-canvas-will-read-frequently @ https://www.figma.com/webpack-artifacts/assets/1598-9fccba9c81d5934d.min.js.br:1417
[   91007ms] [WARNING] Canvas2D: Multiple readback operations using getImageData are faster with the willReadFrequently attribute set to true. See: https://html.spec.whatwg.org/multipage/canvas.html#concept-canvas-will-read-frequently @ https://www.figma.com/webpack-artifacts/assets/1598-9fccba9c81d5934d.min.js.br:1417
[   91011ms] [WARNING] Canvas2D: Multiple readback operations using getImageData are faster with the willReadFrequently attribute set to true. See: https://html.spec.whatwg.org/multipage/canvas.html#concept-canvas-will-read-frequently @ https://www.figma.com/webpack-artifacts/assets/1598-9fccba9c81d5934d.min.js.br:1417
[   91015ms] [WARNING] Canvas2D: Multiple readback operations using getImageData are faster with the willReadFrequently attribute set to true. See: https://html.spec.whatwg.org/multipage/canvas.html#concept-canvas-will-read-frequently @ https://www.figma.com/webpack-artifacts/assets/1598-9fccba9c81d5934d.min.js.br:1417
[   91018ms] [WARNING] Canvas2D: Multiple readback operations using getImageData are faster with the willReadFrequently attribute set to true. See: https://html.spec.whatwg.org/multipage/canvas.html#concept-canvas-will-read-frequently @ https://www.figma.com/webpack-artifacts/assets/1598-9fccba9c81d5934d.min.js.br:1417
[   91021ms] [WARNING] Canvas2D: Multiple readback operations using getImageData are faster with the willReadFrequently attribute set to true. See: https://html.spec.whatwg.org/multipage/canvas.html#concept-canvas-will-read-frequently @ https://www.figma.com/webpack-artifacts/assets/1598-9fccba9c81d5934d.min.js.br:1417
[   91023ms] [WARNING] Canvas2D: Multiple readback operations using getImageData are faster with the willReadFrequently attribute set to true. See: https://html.spec.whatwg.org/multipage/canvas.html#concept-canvas-will-read-frequently @ https://www.figma.com/webpack-artifacts/assets/1598-9fccba9c81d5934d.min.js.br:1417
[   91042ms] [WARNING] Canvas2D: Multiple readback operations using getImageData are faster with the willReadFrequently attribute set to true. See: https://html.spec.whatwg.org/multipage/canvas.html#concept-canvas-will-read-frequently @ https://www.figma.com/webpack-artifacts/assets/1598-9fccba9c81d5934d.min.js.br:1417
[   91044ms] [WARNING] Canvas2D: Multiple readback operations using getImageData are faster with the willReadFrequently attribute set to true. See: https://html.spec.whatwg.org/multipage/canvas.html#concept-canvas-will-read-frequently @ https://www.figma.com/webpack-artifacts/assets/1598-9fccba9c81d5934d.min.js.br:1417
[   91045ms] [WARNING] Canvas2D: Multiple readback operations using getImageData are faster with the willReadFrequently attribute set to true. See: https://html.spec.whatwg.org/multipage/canvas.html#concept-canvas-will-read-frequently @ https://www.figma.com/webpack-artifacts/assets/1598-9fccba9c81d5934d.min.js.br:1417
[   91047ms] [WARNING] Canvas2D: Multiple readback operations using getImageData are faster with the willReadFrequently attribute set to true. See: https://html.spec.whatwg.org/multipage/canvas.html#concept-canvas-will-read-frequently @ https://www.figma.com/webpack-artifacts/assets/1598-9fccba9c81d5934d.min.js.br:1417
[   91048ms] [WARNING] Canvas2D: Multiple readback operations using getImageData are faster with the willReadFrequently attribute set to true. See: https://html.spec.whatwg.org/multipage/canvas.html#concept-canvas-will-read-frequently @ https://www.figma.com/webpack-artifacts/assets/1598-9fccba9c81d5934d.min.js.br:1417
[   91050ms] [WARNING] Canvas2D: Multiple readback operations using getImageData are faster with the willReadFrequently attribute set to true. See: https://html.spec.whatwg.org/multipage/canvas.html#concept-canvas-will-read-frequently @ https://www.figma.com/webpack-artifacts/assets/1598-9fccba9c81d5934d.min.js.br:1417
[   91052ms] [WARNING] Canvas2D: Multiple readback operations using getImageData are faster with the willReadFrequently attribute set to true. See: https://html.spec.whatwg.org/multipage/canvas.html#concept-canvas-will-read-frequently @ https://www.figma.com/webpack-artifacts/assets/1598-9fccba9c81d5934d.min.js.br:1417
[   91053ms] [WARNING] Canvas2D: Multiple readback operations using getImageData are faster with the willReadFrequently attribute set to true. See: https://html.spec.whatwg.org/multipage/canvas.html#concept-canvas-will-read-frequently @ https://www.figma.com/webpack-artifacts/assets/1598-9fccba9c81d5934d.min.js.br:1417
[   91055ms] [WARNING] Canvas2D: Multiple readback operations using getImageData are faster with the willReadFrequently attribute set to true. See: https://html.spec.whatwg.org/multipage/canvas.html#concept-canvas-will-read-frequently @ https://www.figma.com/webpack-artifacts/assets/1598-9fccba9c81d5934d.min.js.br:1417
[   91105ms] [LOG] Loaded 114 scripts (8723409b), 36 from cache (1197291b) @ https://www.figma.com/webpack-artifacts/assets/vendor-core-1e44c283e4ec92dd.min.js.br:53
[   91453ms] [INFO] [Sprigma] Sprig SDK is ready @ https://www.figma.com/webpack-artifacts/assets/vendor-core-1e44c283e4ec92dd.min.js.br:53
[  104431ms] [INFO] Autosave Changes not available or already claimed by another tab undefined @ https://www.figma.com/webpack-artifacts/assets/vendor-core-1e44c283e4ec92dd.min.js.br:53
[  104705ms] [INFO] [Fullscreen] Booting... (emscripten version 4.0.21) @ https://www.figma.com/webpack-artifacts/assets/vendor-core-1e44c283e4ec92dd.min.js.br:53
[  104743ms] [INFO] [GPU] graphicsAPI:"WebGPU", vendor:"Google Inc. (Apple)" renderer:"ANGLE (Apple, ANGLE Metal Renderer: Apple M5, Unspecified Version)" deviceArchitecture:"metal-3" deviceDescription:"" webGPUDevice:"" webGPUVendor:"apple" bindings:"emdawnwebgpu" @ https://www.figma.com/webpack-artifacts/assets/vendor-core-1e44c283e4ec92dd.min.js.br:53
[  104744ms] [LOG] [Fullscreen] Ready in 56.6ms @ https://www.figma.com/webpack-artifacts/assets/vendor-core-1e44c283e4ec92dd.min.js.br:53
[  104817ms] [INFO] [FullscreenApp] calling setEditorTheme and setting preference light @ https://www.figma.com/webpack-artifacts/assets/vendor-core-1e44c283e4ec92dd.min.js.br:53
[  104832ms] [INFO] [MultiplayerSession] connecting to wss://www.figma.com/api/multiplayer/NzC2Gh4R9xkAB59gWUgPCk?role=editor&tracking_session_id=UFT43Ast3EbZ50fa&version=153&recentReload=0&file-load-streaming-compression&user-id=1519385456236241719&client_release=6d2a35c7e89cb7c20ecf3d599d13e961599635dc @ https://www.figma.com/webpack-artifacts/assets/vendor-core-1e44c283e4ec92dd.min.js.br:53
[  104832ms] [INFO] [FullscreenApp] calling setEditorTheme and setting preference light @ https://www.figma.com/webpack-artifacts/assets/vendor-core-1e44c283e4ec92dd.min.js.br:53
[  105120ms] [INFO] [MultiplayerSession] Joining file version 106 (initial load) @ https://www.figma.com/webpack-artifacts/assets/vendor-core-1e44c283e4ec92dd.min.js.br:53
[  105152ms] [LOG] Migration succeeded: context: fullscreen_migrate_SceneGraphManager, version: 106, duration: 0ms. @ https://www.figma.com/webpack-artifacts/assets/vendor-core-1e44c283e4ec92dd.min.js.br:53
[  106255ms] [WARNING] Canvas2D: Multiple readback operations using getImageData are faster with the willReadFrequently attribute set to true. See: https://html.spec.whatwg.org/multipage/canvas.html#concept-canvas-will-read-frequently @ https://static.figma.com/fullscreen/6d2a35c7e89cb7c20ecf3d599d13e961599635dc/fullscreen-harfbuzz-12-3-0/compiled_wasm.js.br:1
[  106269ms] [INFO] afterJoinEnd PageSyncing: Loaded incrementally {loaded_pages: 0:1} @ https://www.figma.com/webpack-artifacts/assets/vendor-core-1e44c283e4ec92dd.min.js.br:53
[  106394ms] [WARNING] Blocked aria-hidden on an element because its descendant retained focus. The focus must not be hidden from assistive technology users. Avoid using aria-hidden on a focused element or its ancestor. Consider using the inert attribute instead, which will also prevent focus. For more details, see the aria-hidden section of the WAI-ARIA specification at https://w3c.github.io/aria/#aria-hidden.
Element with focus: <input.focus-target>
Ancestor with aria-hidden: <input.focus-target> @ https://www.figma.com/design/NzC2Gh4R9xkAB59gWUgPCk/Town-of-Wiley-%E2%80%94-Widgets---Screens?node-id=0-1&p=f&t=sZGMn7ovhUqci05b-0:0
[  106694ms] [LOG] [Fullscreen] loadtime=1.90s maxmem=12581800 @ https://www.figma.com/webpack-artifacts/assets/vendor-core-1e44c283e4ec92dd.min.js.br:53
[  178959ms] [WARNING] Canvas2D: Multiple readback operations using getImageData are faster with the willReadFrequently attribute set to true. See: https://html.spec.whatwg.org/multipage/canvas.html#concept-canvas-will-read-frequently @ https://static.figma.com/fullscreen/6d2a35c7e89cb7c20ecf3d599d13e961599635dc/fullscreen-harfbuzz-12-3-0/compiled_wasm.js.br:1
[  284753ms] [WARNING] Blocked aria-hidden on an element because its descendant retained focus. The focus must not be hidden from assistive technology users. Avoid using aria-hidden on a focused element or its ancestor. Consider using the inert attribute instead, which will also prevent focus. For more details, see the aria-hidden section of the WAI-ARIA specification at https://w3c.github.io/aria/#aria-hidden.
Element with focus: <iframe.inline_preview_modal--previewIframe--1GmpM>
Ancestor with aria-hidden: <div.web_stacking--layer--LtFya web_stacking--nonStaticLayer--JqZiG> @ https://www.figma.com/design/NzC2Gh4R9xkAB59gWUgPCk/Town-of-Wiley-%E2%80%94-Widgets---Screens?node-id=5-3&t=sZGMn7ovhUqci05b-0:0
[  286078ms] [LOG] Running frontend commit 6d2a35c7e89cb7c20ecf3d599d13e961599635dc @ https://www.figma.com/proto/NzC2Gh4R9xkAB59gWUgPCk?embed_host=inline-viewer&hide-ui=1&inline-viewer=1&kind=proto&node-id=7-2:507
[  286818ms] [WARNING] Statsig is not ready to log exposures, will retry in 1 seconds @ https://www.figma.com/webpack-artifacts/assets/vendor-core-1e44c283e4ec92dd.min.js.br:53
[  286864ms] [LOG] [import] git: 6d2a35c7e89cb7c20ecf3d599d13e961599635dc, stamp: 402387FE01A83334 @ https://www.figma.com/webpack-artifacts/assets/vendor-core-1e44c283e4ec92dd.min.js.br:53
[  286864ms] [ERROR] Failed to load resource: the server responded with a status of 405 (Method Not Allowed) @ https://browser-intake-datadoghq.com/api/v2/rum:0
[  287298ms] [INFO] [PrototypeLib] Booting... (emscripten version 4.0.21) @ https://www.figma.com/webpack-artifacts/assets/vendor-core-1e44c283e4ec92dd.min.js.br:53
[  287350ms] [INFO] [GPU] graphicsAPI:"WebGL 2", vendor:"Google Inc. (Apple)", renderer:"ANGLE (Apple, ANGLE Metal Renderer: Apple M5, Unspecified Version)" version:"OpenGL ES 2.0 (WebGL 2.0 (OpenGL ES 3.0 Chromium))" @ https://www.figma.com/webpack-artifacts/assets/vendor-core-1e44c283e4ec92dd.min.js.br:53
