[     472ms] [LOG] Running frontend commit 6d2a35c7e89cb7c20ecf3d599d13e961599635dc @ https://www.figma.com/files/team/1519385458721174804/recents-and-sharing:529
[     775ms] [ERROR] Failed to load resource: the server responded with a status of 405 (Method Not Allowed) @ https://browser-intake-datadoghq.com/api/v2/rum:0
[     775ms] [WARNING] Statsig is not ready to log exposures, will retry in 1 seconds @ https://www.figma.com/webpack-artifacts/assets/vendor-core-1e44c283e4ec92dd.min.js.br:53
[     868ms] [LOG] [import] git: 6d2a35c7e89cb7c20ecf3d599d13e961599635dc, stamp: 402387FE01A83334 @ https://www.figma.com/webpack-artifacts/assets/vendor-core-1e44c283e4ec92dd.min.js.br:53
[     929ms] [LOG] Loaded 114 scripts (8723409b), 114 from cache (8723409b) @ https://www.figma.com/webpack-artifacts/assets/vendor-core-1e44c283e4ec92dd.min.js.br:53
[    1077ms] [WARNING] [file_browser.contentful_paint.total.Sidebar.RecentFiles] You appear to be logging a relative timestamp and not an epoch timestamp. Use relativeToEpochMs() to convert. @ https://www.figma.com/webpack-artifacts/assets/vendor-core-1e44c283e4ec92dd.min.js.br:53
[    1078ms] [WARNING] [file_browser.contentful_paint.total.MainBodyContent.RecentFiles] You appear to be logging a relative timestamp and not an epoch timestamp. Use relativeToEpochMs() to convert. @ https://www.figma.com/webpack-artifacts/assets/vendor-core-1e44c283e4ec92dd.min.js.br:53
[    1113ms] [WARNING] Canvas2D: Multiple readback operations using getImageData are faster with the willReadFrequently attribute set to true. See: https://html.spec.whatwg.org/multipage/canvas.html#concept-canvas-will-read-frequently @ https://www.figma.com/webpack-artifacts/assets/1598-9fccba9c81d5934d.min.js.br:1417
[    1125ms] [WARNING] Canvas2D: Multiple readback operations using getImageData are faster with the willReadFrequently attribute set to true. See: https://html.spec.whatwg.org/multipage/canvas.html#concept-canvas-will-read-frequently @ https://www.figma.com/webpack-artifacts/assets/1598-9fccba9c81d5934d.min.js.br:1417
[    1130ms] [WARNING] Canvas2D: Multiple readback operations using getImageData are faster with the willReadFrequently attribute set to true. See: https://html.spec.whatwg.org/multipage/canvas.html#concept-canvas-will-read-frequently @ https://www.figma.com/webpack-artifacts/assets/1598-9fccba9c81d5934d.min.js.br:1417
[    1135ms] [WARNING] Canvas2D: Multiple readback operations using getImageData are faster with the willReadFrequently attribute set to true. See: https://html.spec.whatwg.org/multipage/canvas.html#concept-canvas-will-read-frequently @ https://www.figma.com/webpack-artifacts/assets/1598-9fccba9c81d5934d.min.js.br:1417
[    1138ms] [WARNING] Canvas2D: Multiple readback operations using getImageData are faster with the willReadFrequently attribute set to true. See: https://html.spec.whatwg.org/multipage/canvas.html#concept-canvas-will-read-frequently @ https://www.figma.com/webpack-artifacts/assets/1598-9fccba9c81d5934d.min.js.br:1417
[    1142ms] [WARNING] Canvas2D: Multiple readback operations using getImageData are faster with the willReadFrequently attribute set to true. See: https://html.spec.whatwg.org/multipage/canvas.html#concept-canvas-will-read-frequently @ https://www.figma.com/webpack-artifacts/assets/1598-9fccba9c81d5934d.min.js.br:1417
[    1146ms] [WARNING] Canvas2D: Multiple readback operations using getImageData are faster with the willReadFrequently attribute set to true. See: https://html.spec.whatwg.org/multipage/canvas.html#concept-canvas-will-read-frequently @ https://www.figma.com/webpack-artifacts/assets/1598-9fccba9c81d5934d.min.js.br:1417
[    1150ms] [WARNING] Canvas2D: Multiple readback operations using getImageData are faster with the willReadFrequently attribute set to true. See: https://html.spec.whatwg.org/multipage/canvas.html#concept-canvas-will-read-frequently @ https://www.figma.com/webpack-artifacts/assets/1598-9fccba9c81d5934d.min.js.br:1417
[    1155ms] [WARNING] Canvas2D: Multiple readback operations using getImageData are faster with the willReadFrequently attribute set to true. See: https://html.spec.whatwg.org/multipage/canvas.html#concept-canvas-will-read-frequently @ https://www.figma.com/webpack-artifacts/assets/1598-9fccba9c81d5934d.min.js.br:1417
[    1350ms] [WARNING] [file_browser.contentful_paint.total.FileCreateEntrypoint.RecentFiles] You appear to be logging a relative timestamp and not an epoch timestamp. Use relativeToEpochMs() to convert. @ https://www.figma.com/webpack-artifacts/assets/vendor-core-1e44c283e4ec92dd.min.js.br:53
[   27477ms] [INFO] Autosave Changes not available or already claimed by another tab undefined @ https://www.figma.com/webpack-artifacts/assets/vendor-core-1e44c283e4ec92dd.min.js.br:53
[   27846ms] [INFO] [Fullscreen] Booting... (emscripten version 4.0.21) @ https://www.figma.com/webpack-artifacts/assets/vendor-core-1e44c283e4ec92dd.min.js.br:53
[   27875ms] [INFO] [GPU] graphicsAPI:"WebGPU", vendor:"Google Inc. (Apple)" renderer:"ANGLE (Apple, ANGLE Metal Renderer: Apple M5, Unspecified Version)" deviceArchitecture:"metal-3" deviceDescription:"" webGPUDevice:"" webGPUVendor:"apple" bindings:"emdawnwebgpu" @ https://www.figma.com/webpack-artifacts/assets/vendor-core-1e44c283e4ec92dd.min.js.br:53
[   27876ms] [LOG] [Fullscreen] Ready in 52.9ms @ https://www.figma.com/webpack-artifacts/assets/vendor-core-1e44c283e4ec92dd.min.js.br:53
[   27929ms] [INFO] [FullscreenApp] calling setEditorTheme and setting preference light @ https://www.figma.com/webpack-artifacts/assets/vendor-core-1e44c283e4ec92dd.min.js.br:53
[   27934ms] [INFO] [MultiplayerSession] connecting to wss://www.figma.com/api/multiplayer/NzC2Gh4R9xkAB59gWUgPCk?role=editor&tracking_session_id=4v67cV2pEWoY7Ozg&version=153&recentReload=0&file-load-streaming-compression&user-id=1519385456236241719&client_release=6d2a35c7e89cb7c20ecf3d599d13e961599635dc @ https://www.figma.com/webpack-artifacts/assets/vendor-core-1e44c283e4ec92dd.min.js.br:53
[   27935ms] [INFO] [FullscreenApp] calling setEditorTheme and setting preference light @ https://www.figma.com/webpack-artifacts/assets/vendor-core-1e44c283e4ec92dd.min.js.br:53
[   28119ms] [INFO] [MultiplayerSession] Joining file version 106 (initial load) @ https://www.figma.com/webpack-artifacts/assets/vendor-core-1e44c283e4ec92dd.min.js.br:53
[   28130ms] [LOG] Migration succeeded: context: fullscreen_migrate_SceneGraphManager, version: 106, duration: 0ms. @ https://www.figma.com/webpack-artifacts/assets/vendor-core-1e44c283e4ec92dd.min.js.br:53
[   28156ms] [WARNING] Canvas2D: Multiple readback operations using getImageData are faster with the willReadFrequently attribute set to true. See: https://html.spec.whatwg.org/multipage/canvas.html#concept-canvas-will-read-frequently @ https://static.figma.com/fullscreen/6d2a35c7e89cb7c20ecf3d599d13e961599635dc/fullscreen-harfbuzz-12-3-0/compiled_wasm.js.br:1
[   28168ms] [INFO] afterJoinEnd PageSyncing: Loaded incrementally {loaded_pages: 0:1} @ https://www.figma.com/webpack-artifacts/assets/vendor-core-1e44c283e4ec92dd.min.js.br:53
[   28193ms] [WARNING] Blocked aria-hidden on an element because its descendant retained focus. The focus must not be hidden from assistive technology users. Avoid using aria-hidden on a focused element or its ancestor. Consider using the inert attribute instead, which will also prevent focus. For more details, see the aria-hidden section of the WAI-ARIA specification at https://w3c.github.io/aria/#aria-hidden.
Element with focus: <input.focus-target>
Ancestor with aria-hidden: <input.focus-target> @ https://www.figma.com/design/NzC2Gh4R9xkAB59gWUgPCk/Town-of-Wiley-%E2%80%94-Widgets---Screens?node-id=0-1&p=f&t=8xt1mPYBFdUyzsyl-0:0
[   28418ms] [LOG] [Fullscreen] loadtime=0.76s maxmem=12758064 @ https://www.figma.com/webpack-artifacts/assets/vendor-core-1e44c283e4ec92dd.min.js.br:53
